// Jest Snapshot v1, https://goo.gl/fbAQLP

exports[`<Menu /> should render the heading 1`] = `
<main
  class=""
>
  <h1>
    Menu
  </h1>
</main>
`;
